Case #1: NOT SYMMETRIC
Case #2: NOT SYMMETRIC
Case #3: NOT SYMMETRIC
Case #4: NOT SYMMETRIC
Case #5: NOT SYMMETRIC
Case #6: NOT SYMMETRIC
Case #7: NOT SYMMETRIC
Case #8: NOT SYMMETRIC
Case #9: NOT SYMMETRIC
Case #10: NOT SYMMETRIC
Case #11: NOT SYMMETRIC
Case #12: NOT SYMMETRIC
Case #13: NOT SYMMETRIC
Case #14: NOT SYMMETRIC
Case #15: NOT SYMMETRIC
Case #16: NOT SYMMETRIC
Case #17: NOT SYMMETRIC
Case #18: NOT SYMMETRIC
Case #19: NOT SYMMETRIC
Case #20: NOT SYMMETRIC
Case #21: NOT SYMMETRIC
Case #22: NOT SYMMETRIC
Case #23: NOT SYMMETRIC
Case #24: NOT SYMMETRIC
Case #25: NOT SYMMETRIC
Case #26: NOT SYMMETRIC
Case #27: NOT SYMMETRIC
Case #28: NOT SYMMETRIC
Case #29: NOT SYMMETRIC
Case #30: NOT SYMMETRIC
Case #31: NOT SYMMETRIC
Case #32: NOT SYMMETRIC
Case #33: NOT SYMMETRIC
Case #34: NOT SYMMETRIC
Case #35: NOT SYMMETRIC
Case #36: NOT SYMMETRIC
Case #37: NOT SYMMETRIC
Case #38: NOT SYMMETRIC
Case #39: NOT SYMMETRIC
Case #40: NOT SYMMETRIC
Case #41: NOT SYMMETRIC
Case #42: NOT SYMMETRIC
Case #43: NOT SYMMETRIC
Case #44: NOT SYMMETRIC
Case #45: NOT SYMMETRIC
Case #46: NOT SYMMETRIC
Case #47: NOT SYMMETRIC
Case #48: NOT SYMMETRIC
Case #49: NOT SYMMETRIC
Case #50: NOT SYMMETRIC
Case #51: NOT SYMMETRIC
Case #52: NOT SYMMETRIC
Case #53: NOT SYMMETRIC
Case #54: NOT SYMMETRIC
Case #55: NOT SYMMETRIC
Case #56: NOT SYMMETRIC
Case #57: NOT SYMMETRIC
Case #58: NOT SYMMETRIC
Case #59: NOT SYMMETRIC
Case #60: NOT SYMMETRIC
Case #61: NOT SYMMETRIC
Case #62: NOT SYMMETRIC
Case #63: NOT SYMMETRIC
Case #64: NOT SYMMETRIC
Case #65: NOT SYMMETRIC
Case #66: NOT SYMMETRIC
Case #67: NOT SYMMETRIC
Case #68: NOT SYMMETRIC
Case #69: NOT SYMMETRIC
Case #70: NOT SYMMETRIC
Case #71: NOT SYMMETRIC
Case #72: NOT SYMMETRIC
Case #73: NOT SYMMETRIC
Case #74: NOT SYMMETRIC
Case #75: NOT SYMMETRIC
Case #76: NOT SYMMETRIC
Case #77: NOT SYMMETRIC
Case #78: NOT SYMMETRIC
Case #79: NOT SYMMETRIC
Case #80: NOT SYMMETRIC
Case #81: NOT SYMMETRIC
Case #82: NOT SYMMETRIC
Case #83: NOT SYMMETRIC
Case #84: NOT SYMMETRIC
Case #85: NOT SYMMETRIC
Case #86: NOT SYMMETRIC
Case #87: NOT SYMMETRIC
Case #88: NOT SYMMETRIC
Case #89: NOT SYMMETRIC
Case #90: NOT SYMMETRIC
Case #91: NOT SYMMETRIC
Case #92: NOT SYMMETRIC
Case #93: NOT SYMMETRIC
Case #94: NOT SYMMETRIC
Case #95: NOT SYMMETRIC
Case #96: NOT SYMMETRIC
Case #97: NOT SYMMETRIC
Case #98: NOT SYMMETRIC
Case #99: NOT SYMMETRIC
Case #100: NOT SYMMETRIC
Case #101: NOT SYMMETRIC
Case #102: NOT SYMMETRIC
Case #103: NOT SYMMETRIC
Case #104: NOT SYMMETRIC
Case #105: NOT SYMMETRIC
Case #106: NOT SYMMETRIC
Case #107: NOT SYMMETRIC
Case #108: NOT SYMMETRIC
Case #109: NOT SYMMETRIC
Case #110: NOT SYMMETRIC
Case #111: NOT SYMMETRIC
Case #112: NOT SYMMETRIC
Case #113: NOT SYMMETRIC
Case #114: NOT SYMMETRIC
Case #115: NOT SYMMETRIC
Case #116: NOT SYMMETRIC
Case #117: NOT SYMMETRIC
Case #118: NOT SYMMETRIC
Case #119: NOT SYMMETRIC
Case #120: NOT SYMMETRIC
Case #121: NOT SYMMETRIC
Case #122: NOT SYMMETRIC
Case #123: NOT SYMMETRIC
Case #124: NOT SYMMETRIC
Case #125: NOT SYMMETRIC
Case #126: NOT SYMMETRIC
Case #127: NOT SYMMETRIC
Case #128: NOT SYMMETRIC
Case #129: NOT SYMMETRIC
Case #130: NOT SYMMETRIC
Case #131: NOT SYMMETRIC
Case #132: NOT SYMMETRIC
Case #133: NOT SYMMETRIC
Case #134: NOT SYMMETRIC
Case #135: NOT SYMMETRIC
Case #136: NOT SYMMETRIC
Case #137: NOT SYMMETRIC
Case #138: NOT SYMMETRIC
Case #139: NOT SYMMETRIC
Case #140: NOT SYMMETRIC
Case #141: NOT SYMMETRIC
Case #142: NOT SYMMETRIC
Case #143: NOT SYMMETRIC
Case #144: NOT SYMMETRIC
Case #145: NOT SYMMETRIC
Case #146: NOT SYMMETRIC
Case #147: NOT SYMMETRIC
Case #148: NOT SYMMETRIC
Case #149: NOT SYMMETRIC
Case #150: NOT SYMMETRIC
Case #151: NOT SYMMETRIC
Case #152: NOT SYMMETRIC
Case #153: NOT SYMMETRIC
Case #154: NOT SYMMETRIC
Case #155: NOT SYMMETRIC
Case #156: NOT SYMMETRIC
Case #157: NOT SYMMETRIC
Case #158: NOT SYMMETRIC
Case #159: NOT SYMMETRIC
Case #160: NOT SYMMETRIC
Case #161: NOT SYMMETRIC
Case #162: NOT SYMMETRIC
Case #163: NOT SYMMETRIC
Case #164: NOT SYMMETRIC
Case #165: NOT SYMMETRIC
Case #166: NOT SYMMETRIC
Case #167: NOT SYMMETRIC
Case #168: NOT SYMMETRIC
Case #169: NOT SYMMETRIC
Case #170: NOT SYMMETRIC
Case #171: NOT SYMMETRIC
Case #172: NOT SYMMETRIC
Case #173: NOT SYMMETRIC
Case #174: NOT SYMMETRIC
Case #175: NOT SYMMETRIC
Case #176: NOT SYMMETRIC
Case #177: NOT SYMMETRIC
Case #178: NOT SYMMETRIC
Case #179: NOT SYMMETRIC
Case #180: NOT SYMMETRIC
Case #181: NOT SYMMETRIC
Case #182: NOT SYMMETRIC
Case #183: NOT SYMMETRIC
Case #184: NOT SYMMETRIC
Case #185: NOT SYMMETRIC
Case #186: NOT SYMMETRIC
Case #187: NOT SYMMETRIC
Case #188: NOT SYMMETRIC
Case #189: NOT SYMMETRIC
Case #190: NOT SYMMETRIC
Case #191: NOT SYMMETRIC
Case #192: NOT SYMMETRIC
Case #193: NOT SYMMETRIC
Case #194: NOT SYMMETRIC
Case #195: NOT SYMMETRIC
Case #196: NOT SYMMETRIC
Case #197: NOT SYMMETRIC
Case #198: NOT SYMMETRIC
Case #199: NOT SYMMETRIC
Case #200: NOT SYMMETRIC
Case #201: NOT SYMMETRIC
Case #202: NOT SYMMETRIC
Case #203: NOT SYMMETRIC
Case #204: NOT SYMMETRIC
Case #205: NOT SYMMETRIC
Case #206: NOT SYMMETRIC
Case #207: NOT SYMMETRIC
Case #208: NOT SYMMETRIC
Case #209: NOT SYMMETRIC
Case #210: NOT SYMMETRIC
Case #211: NOT SYMMETRIC
Case #212: NOT SYMMETRIC
Case #213: NOT SYMMETRIC
Case #214: NOT SYMMETRIC
Case #215: NOT SYMMETRIC
Case #216: NOT SYMMETRIC
Case #217: NOT SYMMETRIC
Case #218: NOT SYMMETRIC
Case #219: NOT SYMMETRIC
Case #220: NOT SYMMETRIC
Case #221: NOT SYMMETRIC
Case #222: NOT SYMMETRIC
Case #223: NOT SYMMETRIC
Case #224: NOT SYMMETRIC
Case #225: NOT SYMMETRIC
Case #226: NOT SYMMETRIC
Case #227: NOT SYMMETRIC
Case #228: NOT SYMMETRIC
Case #229: NOT SYMMETRIC
Case #230: NOT SYMMETRIC
Case #231: NOT SYMMETRIC
Case #232: NOT SYMMETRIC
Case #233: NOT SYMMETRIC
Case #234: NOT SYMMETRIC
Case #235: NOT SYMMETRIC
Case #236: NOT SYMMETRIC
Case #237: NOT SYMMETRIC
Case #238: NOT SYMMETRIC
Case #239: NOT SYMMETRIC
Case #240: NOT SYMMETRIC
Case #241: NOT SYMMETRIC
Case #242: NOT SYMMETRIC
Case #243: NOT SYMMETRIC
Case #244: NOT SYMMETRIC
Case #245: NOT SYMMETRIC
Case #246: NOT SYMMETRIC
Case #247: NOT SYMMETRIC
Case #248: NOT SYMMETRIC
Case #249: NOT SYMMETRIC
Case #250: NOT SYMMETRIC
Case #251: NOT SYMMETRIC
Case #252: NOT SYMMETRIC
Case #253: NOT SYMMETRIC
Case #254: NOT SYMMETRIC
Case #255: NOT SYMMETRIC
Case #256: NOT SYMMETRIC
Case #257: NOT SYMMETRIC
Case #258: NOT SYMMETRIC
Case #259: NOT SYMMETRIC
Case #260: NOT SYMMETRIC
Case #261: NOT SYMMETRIC
Case #262: NOT SYMMETRIC
Case #263: NOT SYMMETRIC
Case #264: NOT SYMMETRIC
Case #265: NOT SYMMETRIC
Case #266: NOT SYMMETRIC
Case #267: NOT SYMMETRIC
Case #268: NOT SYMMETRIC
Case #269: NOT SYMMETRIC
Case #270: NOT SYMMETRIC
Case #271: NOT SYMMETRIC
Case #272: NOT SYMMETRIC
Case #273: NOT SYMMETRIC
Case #274: NOT SYMMETRIC
Case #275: NOT SYMMETRIC
Case #276: NOT SYMMETRIC
Case #277: NOT SYMMETRIC
Case #278: NOT SYMMETRIC
Case #279: NOT SYMMETRIC
Case #280: NOT SYMMETRIC
Case #281: NOT SYMMETRIC
Case #282: NOT SYMMETRIC
Case #283: NOT SYMMETRIC
Case #284: NOT SYMMETRIC
Case #285: NOT SYMMETRIC
Case #286: NOT SYMMETRIC
Case #287: NOT SYMMETRIC
Case #288: NOT SYMMETRIC
Case #289: NOT SYMMETRIC
Case #290: NOT SYMMETRIC
Case #291: NOT SYMMETRIC
Case #292: NOT SYMMETRIC
Case #293: NOT SYMMETRIC
Case #294: NOT SYMMETRIC
Case #295: NOT SYMMETRIC
Case #296: NOT SYMMETRIC
Case #297: NOT SYMMETRIC
Case #298: NOT SYMMETRIC
Case #299: NOT SYMMETRIC
Case #300: NOT SYMMETRIC
Case #301: NOT SYMMETRIC
Case #302: NOT SYMMETRIC
Case #303: NOT SYMMETRIC
Case #304: NOT SYMMETRIC
Case #305: NOT SYMMETRIC
Case #306: NOT SYMMETRIC
Case #307: NOT SYMMETRIC
Case #308: NOT SYMMETRIC
Case #309: NOT SYMMETRIC
Case #310: NOT SYMMETRIC
Case #311: NOT SYMMETRIC
Case #312: NOT SYMMETRIC
Case #313: NOT SYMMETRIC
Case #314: NOT SYMMETRIC
Case #315: NOT SYMMETRIC
Case #316: NOT SYMMETRIC
Case #317: NOT SYMMETRIC
Case #318: NOT SYMMETRIC
Case #319: NOT SYMMETRIC
Case #320: NOT SYMMETRIC
Case #321: NOT SYMMETRIC
Case #322: NOT SYMMETRIC
Case #323: NOT SYMMETRIC
Case #324: NOT SYMMETRIC
Case #325: NOT SYMMETRIC
Case #326: NOT SYMMETRIC
Case #327: NOT SYMMETRIC
Case #328: NOT SYMMETRIC
Case #329: NOT SYMMETRIC
Case #330: NOT SYMMETRIC
Case #331: NOT SYMMETRIC
Case #332: NOT SYMMETRIC
Case #333: NOT SYMMETRIC
Case #334: NOT SYMMETRIC
Case #335: NOT SYMMETRIC
Case #336: NOT SYMMETRIC
Case #337: NOT SYMMETRIC
Case #338: NOT SYMMETRIC
Case #339: NOT SYMMETRIC
Case #340: NOT SYMMETRIC
Case #341: NOT SYMMETRIC
Case #342: NOT SYMMETRIC
Case #343: NOT SYMMETRIC
Case #344: NOT SYMMETRIC
Case #345: NOT SYMMETRIC
Case #346: NOT SYMMETRIC
Case #347: NOT SYMMETRIC
Case #348: NOT SYMMETRIC
Case #349: NOT SYMMETRIC
Case #350: NOT SYMMETRIC
Case #351: NOT SYMMETRIC
Case #352: NOT SYMMETRIC
Case #353: NOT SYMMETRIC
Case #354: NOT SYMMETRIC
Case #355: NOT SYMMETRIC
Case #356: NOT SYMMETRIC
Case #357: NOT SYMMETRIC
Case #358: NOT SYMMETRIC
Case #359: NOT SYMMETRIC
Case #360: NOT SYMMETRIC
Case #361: NOT SYMMETRIC
Case #362: NOT SYMMETRIC
Case #363: NOT SYMMETRIC
Case #364: NOT SYMMETRIC
Case #365: NOT SYMMETRIC
Case #366: NOT SYMMETRIC
Case #367: NOT SYMMETRIC
Case #368: NOT SYMMETRIC
Case #369: NOT SYMMETRIC
Case #370: NOT SYMMETRIC
Case #371: NOT SYMMETRIC
Case #372: NOT SYMMETRIC
Case #373: NOT SYMMETRIC
Case #374: NOT SYMMETRIC
Case #375: NOT SYMMETRIC
Case #376: NOT SYMMETRIC
Case #377: NOT SYMMETRIC
Case #378: NOT SYMMETRIC
Case #379: NOT SYMMETRIC
Case #380: NOT SYMMETRIC
Case #381: NOT SYMMETRIC
Case #382: NOT SYMMETRIC
Case #383: NOT SYMMETRIC
Case #384: NOT SYMMETRIC
Case #385: NOT SYMMETRIC
Case #386: NOT SYMMETRIC
Case #387: NOT SYMMETRIC
Case #388: NOT SYMMETRIC
Case #389: NOT SYMMETRIC
Case #390: NOT SYMMETRIC
Case #391: NOT SYMMETRIC
Case #392: NOT SYMMETRIC
Case #393: NOT SYMMETRIC
Case #394: NOT SYMMETRIC
Case #395: NOT SYMMETRIC
Case #396: NOT SYMMETRIC
Case #397: NOT SYMMETRIC
Case #398: NOT SYMMETRIC
Case #399: NOT SYMMETRIC
Case #400: NOT SYMMETRIC
Case #401: NOT SYMMETRIC
Case #402: NOT SYMMETRIC
Case #403: NOT SYMMETRIC
Case #404: NOT SYMMETRIC
Case #405: NOT SYMMETRIC
Case #406: NOT SYMMETRIC
Case #407: NOT SYMMETRIC
Case #408: NOT SYMMETRIC
Case #409: NOT SYMMETRIC
Case #410: NOT SYMMETRIC
Case #411: NOT SYMMETRIC
Case #412: NOT SYMMETRIC
Case #413: NOT SYMMETRIC
Case #414: NOT SYMMETRIC
Case #415: NOT SYMMETRIC
Case #416: NOT SYMMETRIC
Case #417: NOT SYMMETRIC
Case #418: NOT SYMMETRIC
Case #419: NOT SYMMETRIC
Case #420: NOT SYMMETRIC
Case #421: NOT SYMMETRIC
Case #422: NOT SYMMETRIC
Case #423: NOT SYMMETRIC
Case #424: NOT SYMMETRIC
Case #425: NOT SYMMETRIC
Case #426: NOT SYMMETRIC
Case #427: NOT SYMMETRIC
Case #428: NOT SYMMETRIC
Case #429: NOT SYMMETRIC
Case #430: NOT SYMMETRIC
Case #431: NOT SYMMETRIC
Case #432: NOT SYMMETRIC
Case #433: NOT SYMMETRIC
Case #434: NOT SYMMETRIC
Case #435: NOT SYMMETRIC
Case #436: NOT SYMMETRIC
Case #437: NOT SYMMETRIC
Case #438: NOT SYMMETRIC
Case #439: NOT SYMMETRIC
Case #440: NOT SYMMETRIC
Case #441: NOT SYMMETRIC
Case #442: NOT SYMMETRIC
Case #443: NOT SYMMETRIC
Case #444: NOT SYMMETRIC
Case #445: NOT SYMMETRIC
Case #446: NOT SYMMETRIC
Case #447: NOT SYMMETRIC
Case #448: NOT SYMMETRIC
Case #449: NOT SYMMETRIC
Case #450: NOT SYMMETRIC
Case #451: NOT SYMMETRIC
Case #452: NOT SYMMETRIC
Case #453: NOT SYMMETRIC
Case #454: NOT SYMMETRIC
Case #455: NOT SYMMETRIC
Case #456: NOT SYMMETRIC
Case #457: NOT SYMMETRIC
Case #458: NOT SYMMETRIC
Case #459: NOT SYMMETRIC
Case #460: NOT SYMMETRIC
Case #461: NOT SYMMETRIC
Case #462: NOT SYMMETRIC
Case #463: NOT SYMMETRIC
Case #464: NOT SYMMETRIC
Case #465: NOT SYMMETRIC
Case #466: NOT SYMMETRIC
Case #467: NOT SYMMETRIC
Case #468: NOT SYMMETRIC
Case #469: NOT SYMMETRIC
Case #470: NOT SYMMETRIC
Case #471: NOT SYMMETRIC
Case #472: NOT SYMMETRIC
Case #473: NOT SYMMETRIC
Case #474: NOT SYMMETRIC
Case #475: NOT SYMMETRIC
Case #476: NOT SYMMETRIC
Case #477: NOT SYMMETRIC
Case #478: NOT SYMMETRIC
Case #479: NOT SYMMETRIC
Case #480: NOT SYMMETRIC
Case #481: NOT SYMMETRIC
Case #482: NOT SYMMETRIC
Case #483: NOT SYMMETRIC
Case #484: NOT SYMMETRIC
Case #485: NOT SYMMETRIC
Case #486: NOT SYMMETRIC
Case #487: NOT SYMMETRIC
Case #488: NOT SYMMETRIC
Case #489: NOT SYMMETRIC
Case #490: NOT SYMMETRIC
Case #491: NOT SYMMETRIC
Case #492: NOT SYMMETRIC
Case #493: NOT SYMMETRIC
Case #494: NOT SYMMETRIC
Case #495: NOT SYMMETRIC
Case #496: NOT SYMMETRIC
Case #497: NOT SYMMETRIC
Case #498: NOT SYMMETRIC
Case #499: NOT SYMMETRIC
Case #500: NOT SYMMETRIC
Case #501: NOT SYMMETRIC
Case #502: NOT SYMMETRIC
Case #503: NOT SYMMETRIC
Case #504: NOT SYMMETRIC
Case #505: NOT SYMMETRIC
Case #506: NOT SYMMETRIC
Case #507: NOT SYMMETRIC
Case #508: NOT SYMMETRIC
Case #509: NOT SYMMETRIC
Case #510: NOT SYMMETRIC
Case #511: NOT SYMMETRIC
Case #512: NOT SYMMETRIC
Case #513: NOT SYMMETRIC
Case #514: NOT SYMMETRIC
Case #515: NOT SYMMETRIC
Case #516: NOT SYMMETRIC
Case #517: NOT SYMMETRIC
Case #518: NOT SYMMETRIC
Case #519: NOT SYMMETRIC
Case #520: NOT SYMMETRIC
Case #521: NOT SYMMETRIC
Case #522: NOT SYMMETRIC
Case #523: NOT SYMMETRIC
Case #524: NOT SYMMETRIC
Case #525: NOT SYMMETRIC
Case #526: NOT SYMMETRIC
Case #527: NOT SYMMETRIC
Case #528: NOT SYMMETRIC
Case #529: NOT SYMMETRIC
Case #530: NOT SYMMETRIC
Case #531: NOT SYMMETRIC
Case #532: NOT SYMMETRIC
Case #533: NOT SYMMETRIC
Case #534: NOT SYMMETRIC
Case #535: NOT SYMMETRIC
Case #536: NOT SYMMETRIC
Case #537: NOT SYMMETRIC
Case #538: NOT SYMMETRIC
Case #539: NOT SYMMETRIC
Case #540: NOT SYMMETRIC
Case #541: NOT SYMMETRIC
Case #542: NOT SYMMETRIC
Case #543: NOT SYMMETRIC
Case #544: NOT SYMMETRIC
Case #545: NOT SYMMETRIC
Case #546: NOT SYMMETRIC
Case #547: NOT SYMMETRIC
Case #548: NOT SYMMETRIC
Case #549: NOT SYMMETRIC
Case #550: NOT SYMMETRIC
Case #551: NOT SYMMETRIC
Case #552: NOT SYMMETRIC
Case #553: NOT SYMMETRIC
Case #554: NOT SYMMETRIC
Case #555: NOT SYMMETRIC
Case #556: NOT SYMMETRIC
Case #557: NOT SYMMETRIC
Case #558: NOT SYMMETRIC
Case #559: NOT SYMMETRIC
Case #560: NOT SYMMETRIC
Case #561: NOT SYMMETRIC
Case #562: NOT SYMMETRIC
Case #563: NOT SYMMETRIC
Case #564: NOT SYMMETRIC
Case #565: NOT SYMMETRIC
Case #566: NOT SYMMETRIC
Case #567: NOT SYMMETRIC
Case #568: NOT SYMMETRIC
Case #569: NOT SYMMETRIC
Case #570: NOT SYMMETRIC
Case #571: NOT SYMMETRIC
Case #572: NOT SYMMETRIC
Case #573: NOT SYMMETRIC
Case #574: NOT SYMMETRIC
Case #575: NOT SYMMETRIC
Case #576: NOT SYMMETRIC
Case #577: NOT SYMMETRIC
Case #578: NOT SYMMETRIC
Case #579: NOT SYMMETRIC
Case #580: NOT SYMMETRIC
Case #581: NOT SYMMETRIC
Case #582: NOT SYMMETRIC
Case #583: NOT SYMMETRIC
Case #584: NOT SYMMETRIC
Case #585: NOT SYMMETRIC
Case #586: NOT SYMMETRIC
Case #587: NOT SYMMETRIC
Case #588: NOT SYMMETRIC
Case #589: NOT SYMMETRIC
Case #590: NOT SYMMETRIC
Case #591: NOT SYMMETRIC
Case #592: NOT SYMMETRIC
Case #593: NOT SYMMETRIC
Case #594: NOT SYMMETRIC
Case #595: NOT SYMMETRIC
Case #596: NOT SYMMETRIC
Case #597: NOT SYMMETRIC
Case #598: NOT SYMMETRIC
Case #599: NOT SYMMETRIC
Case #600: NOT SYMMETRIC
Case #601: NOT SYMMETRIC
Case #602: NOT SYMMETRIC
Case #603: NOT SYMMETRIC
Case #604: NOT SYMMETRIC
Case #605: NOT SYMMETRIC
Case #606: NOT SYMMETRIC
Case #607: NOT SYMMETRIC
Case #608: NOT SYMMETRIC
Case #609: NOT SYMMETRIC
Case #610: NOT SYMMETRIC
Case #611: NOT SYMMETRIC
Case #612: NOT SYMMETRIC
Case #613: NOT SYMMETRIC
Case #614: NOT SYMMETRIC
Case #615: NOT SYMMETRIC
Case #616: NOT SYMMETRIC
Case #617: NOT SYMMETRIC
Case #618: NOT SYMMETRIC
Case #619: NOT SYMMETRIC
Case #620: NOT SYMMETRIC
Case #621: NOT SYMMETRIC
Case #622: NOT SYMMETRIC
Case #623: NOT SYMMETRIC
Case #624: NOT SYMMETRIC
Case #625: NOT SYMMETRIC
Case #626: NOT SYMMETRIC
Case #627: NOT SYMMETRIC
Case #628: NOT SYMMETRIC
Case #629: NOT SYMMETRIC
Case #630: NOT SYMMETRIC
Case #631: NOT SYMMETRIC
Case #632: NOT SYMMETRIC
Case #633: NOT SYMMETRIC
Case #634: NOT SYMMETRIC
Case #635: NOT SYMMETRIC
Case #636: NOT SYMMETRIC
Case #637: NOT SYMMETRIC
Case #638: NOT SYMMETRIC
Case #639: NOT SYMMETRIC
Case #640: NOT SYMMETRIC
Case #641: NOT SYMMETRIC
Case #642: NOT SYMMETRIC
Case #643: NOT SYMMETRIC
Case #644: NOT SYMMETRIC
Case #645: NOT SYMMETRIC
Case #646: NOT SYMMETRIC
Case #647: NOT SYMMETRIC
Case #648: NOT SYMMETRIC
Case #649: NOT SYMMETRIC
Case #650: NOT SYMMETRIC
Case #651: NOT SYMMETRIC
Case #652: NOT SYMMETRIC
Case #653: NOT SYMMETRIC
Case #654: NOT SYMMETRIC
Case #655: NOT SYMMETRIC
Case #656: NOT SYMMETRIC
Case #657: NOT SYMMETRIC
Case #658: NOT SYMMETRIC
Case #659: NOT SYMMETRIC
Case #660: NOT SYMMETRIC
Case #661: NOT SYMMETRIC
Case #662: NOT SYMMETRIC
Case #663: NOT SYMMETRIC
Case #664: NOT SYMMETRIC
Case #665: NOT SYMMETRIC
Case #666: NOT SYMMETRIC
Case #667: NOT SYMMETRIC
Case #668: NOT SYMMETRIC
Case #669: NOT SYMMETRIC
Case #670: NOT SYMMETRIC
Case #671: NOT SYMMETRIC
Case #672: NOT SYMMETRIC
Case #673: NOT SYMMETRIC
Case #674: NOT SYMMETRIC
Case #675: NOT SYMMETRIC
Case #676: NOT SYMMETRIC
Case #677: NOT SYMMETRIC
Case #678: NOT SYMMETRIC
Case #679: NOT SYMMETRIC
Case #680: NOT SYMMETRIC
Case #681: NOT SYMMETRIC
Case #682: NOT SYMMETRIC
Case #683: NOT SYMMETRIC
Case #684: NOT SYMMETRIC
Case #685: NOT SYMMETRIC
Case #686: NOT SYMMETRIC
Case #687: NOT SYMMETRIC
Case #688: NOT SYMMETRIC
Case #689: NOT SYMMETRIC
Case #690: NOT SYMMETRIC
Case #691: NOT SYMMETRIC
Case #692: NOT SYMMETRIC
Case #693: NOT SYMMETRIC
Case #694: NOT SYMMETRIC
Case #695: NOT SYMMETRIC
Case #696: NOT SYMMETRIC
Case #697: NOT SYMMETRIC
Case #698: NOT SYMMETRIC
Case #699: NOT SYMMETRIC
Case #700: NOT SYMMETRIC
Case #701: NOT SYMMETRIC
Case #702: NOT SYMMETRIC
Case #703: NOT SYMMETRIC
Case #704: NOT SYMMETRIC
Case #705: NOT SYMMETRIC
Case #706: NOT SYMMETRIC
Case #707: NOT SYMMETRIC
Case #708: NOT SYMMETRIC
Case #709: NOT SYMMETRIC
Case #710: NOT SYMMETRIC
Case #711: NOT SYMMETRIC
Case #712: NOT SYMMETRIC
Case #713: NOT SYMMETRIC
Case #714: NOT SYMMETRIC
Case #715: NOT SYMMETRIC
Case #716: NOT SYMMETRIC
Case #717: NOT SYMMETRIC
Case #718: NOT SYMMETRIC
Case #719: NOT SYMMETRIC
Case #720: NOT SYMMETRIC
Case #721: NOT SYMMETRIC
Case #722: NOT SYMMETRIC
Case #723: NOT SYMMETRIC
Case #724: NOT SYMMETRIC
Case #725: NOT SYMMETRIC
Case #726: NOT SYMMETRIC
Case #727: NOT SYMMETRIC
Case #728: NOT SYMMETRIC
Case #729: NOT SYMMETRIC
Case #730: NOT SYMMETRIC
Case #731: NOT SYMMETRIC
Case #732: NOT SYMMETRIC
Case #733: NOT SYMMETRIC
Case #734: NOT SYMMETRIC
Case #735: NOT SYMMETRIC
Case #736: NOT SYMMETRIC
Case #737: NOT SYMMETRIC
Case #738: NOT SYMMETRIC
Case #739: NOT SYMMETRIC
Case #740: NOT SYMMETRIC
Case #741: NOT SYMMETRIC
Case #742: NOT SYMMETRIC
Case #743: NOT SYMMETRIC
Case #744: NOT SYMMETRIC
Case #745: NOT SYMMETRIC
Case #746: NOT SYMMETRIC
Case #747: NOT SYMMETRIC
Case #748: NOT SYMMETRIC
Case #749: NOT SYMMETRIC
Case #750: NOT SYMMETRIC
Case #751: NOT SYMMETRIC
Case #752: NOT SYMMETRIC
Case #753: NOT SYMMETRIC
Case #754: NOT SYMMETRIC
Case #755: NOT SYMMETRIC
Case #756: NOT SYMMETRIC
Case #757: NOT SYMMETRIC
Case #758: NOT SYMMETRIC
Case #759: NOT SYMMETRIC
Case #760: NOT SYMMETRIC
Case #761: NOT SYMMETRIC
Case #762: NOT SYMMETRIC
Case #763: NOT SYMMETRIC
Case #764: NOT SYMMETRIC
Case #765: NOT SYMMETRIC
Case #766: NOT SYMMETRIC
Case #767: NOT SYMMETRIC
Case #768: NOT SYMMETRIC
Case #769: NOT SYMMETRIC
Case #770: NOT SYMMETRIC
Case #771: NOT SYMMETRIC
Case #772: NOT SYMMETRIC
Case #773: NOT SYMMETRIC
Case #774: NOT SYMMETRIC
Case #775: NOT SYMMETRIC
Case #776: NOT SYMMETRIC
Case #777: NOT SYMMETRIC
Case #778: NOT SYMMETRIC
Case #779: NOT SYMMETRIC
Case #780: NOT SYMMETRIC
Case #781: NOT SYMMETRIC
Case #782: NOT SYMMETRIC
Case #783: NOT SYMMETRIC
Case #784: NOT SYMMETRIC
Case #785: NOT SYMMETRIC
Case #786: NOT SYMMETRIC
Case #787: NOT SYMMETRIC
Case #788: NOT SYMMETRIC
Case #789: NOT SYMMETRIC
Case #790: NOT SYMMETRIC
Case #791: NOT SYMMETRIC
Case #792: NOT SYMMETRIC
Case #793: NOT SYMMETRIC
Case #794: NOT SYMMETRIC
Case #795: NOT SYMMETRIC
Case #796: NOT SYMMETRIC
Case #797: NOT SYMMETRIC
Case #798: NOT SYMMETRIC
Case #799: NOT SYMMETRIC
Case #800: NOT SYMMETRIC
Case #801: NOT SYMMETRIC
Case #802: NOT SYMMETRIC
Case #803: NOT SYMMETRIC
Case #804: NOT SYMMETRIC
Case #805: NOT SYMMETRIC
Case #806: NOT SYMMETRIC
Case #807: NOT SYMMETRIC
Case #808: NOT SYMMETRIC
Case #809: NOT SYMMETRIC
Case #810: NOT SYMMETRIC
Case #811: NOT SYMMETRIC
Case #812: NOT SYMMETRIC
Case #813: NOT SYMMETRIC
Case #814: NOT SYMMETRIC
Case #815: NOT SYMMETRIC
Case #816: NOT SYMMETRIC
Case #817: NOT SYMMETRIC
Case #818: NOT SYMMETRIC
Case #819: NOT SYMMETRIC
Case #820: NOT SYMMETRIC
Case #821: NOT SYMMETRIC
Case #822: NOT SYMMETRIC
Case #823: NOT SYMMETRIC
Case #824: NOT SYMMETRIC
Case #825: NOT SYMMETRIC
Case #826: NOT SYMMETRIC
Case #827: NOT SYMMETRIC
Case #828: NOT SYMMETRIC
Case #829: NOT SYMMETRIC
Case #830: NOT SYMMETRIC
Case #831: NOT SYMMETRIC
Case #832: NOT SYMMETRIC
Case #833: NOT SYMMETRIC
Case #834: NOT SYMMETRIC
Case #835: NOT SYMMETRIC
Case #836: NOT SYMMETRIC
Case #837: NOT SYMMETRIC
Case #838: NOT SYMMETRIC
Case #839: NOT SYMMETRIC
Case #840: NOT SYMMETRIC
Case #841: NOT SYMMETRIC
Case #842: NOT SYMMETRIC
Case #843: NOT SYMMETRIC
Case #844: NOT SYMMETRIC
Case #845: NOT SYMMETRIC
Case #846: NOT SYMMETRIC
Case #847: NOT SYMMETRIC
Case #848: NOT SYMMETRIC
Case #849: NOT SYMMETRIC
Case #850: NOT SYMMETRIC
Case #851: NOT SYMMETRIC
Case #852: NOT SYMMETRIC
Case #853: NOT SYMMETRIC
Case #854: NOT SYMMETRIC
Case #855: NOT SYMMETRIC
Case #856: NOT SYMMETRIC
Case #857: NOT SYMMETRIC
Case #858: NOT SYMMETRIC
Case #859: NOT SYMMETRIC
Case #860: NOT SYMMETRIC
Case #861: NOT SYMMETRIC
Case #862: NOT SYMMETRIC
Case #863: NOT SYMMETRIC
Case #864: NOT SYMMETRIC
Case #865: NOT SYMMETRIC
Case #866: NOT SYMMETRIC
Case #867: NOT SYMMETRIC
Case #868: NOT SYMMETRIC
Case #869: NOT SYMMETRIC
Case #870: NOT SYMMETRIC
Case #871: NOT SYMMETRIC
Case #872: NOT SYMMETRIC
Case #873: NOT SYMMETRIC
Case #874: NOT SYMMETRIC
Case #875: NOT SYMMETRIC
Case #876: NOT SYMMETRIC
Case #877: NOT SYMMETRIC
Case #878: NOT SYMMETRIC
Case #879: NOT SYMMETRIC
Case #880: NOT SYMMETRIC
Case #881: NOT SYMMETRIC
Case #882: NOT SYMMETRIC
Case #883: NOT SYMMETRIC
Case #884: NOT SYMMETRIC
Case #885: NOT SYMMETRIC
Case #886: NOT SYMMETRIC
Case #887: NOT SYMMETRIC
Case #888: NOT SYMMETRIC
Case #889: NOT SYMMETRIC
Case #890: NOT SYMMETRIC
Case #891: NOT SYMMETRIC
Case #892: NOT SYMMETRIC
Case #893: NOT SYMMETRIC
Case #894: NOT SYMMETRIC
Case #895: NOT SYMMETRIC
Case #896: NOT SYMMETRIC
Case #897: NOT SYMMETRIC
Case #898: NOT SYMMETRIC
Case #899: NOT SYMMETRIC
Case #900: NOT SYMMETRIC
Case #901: NOT SYMMETRIC
Case #902: NOT SYMMETRIC
Case #903: NOT SYMMETRIC
Case #904: NOT SYMMETRIC
Case #905: NOT SYMMETRIC
Case #906: NOT SYMMETRIC
Case #907: NOT SYMMETRIC
Case #908: NOT SYMMETRIC
Case #909: NOT SYMMETRIC
Case #910: NOT SYMMETRIC
Case #911: NOT SYMMETRIC
Case #912: NOT SYMMETRIC
Case #913: 